Archive member included because of file (symbol)

c:/program files (x86)/atmel/atmel toolchain/avr8 gcc/native/3.4.1061/avr8-gnu-toolchain/bin/../lib/gcc/avr/4.8.1/avr5\libgcc.a(_udivmodsi4.o)
                              USART.o (__udivmodsi4)
c:/program files (x86)/atmel/atmel toolchain/avr8 gcc/native/3.4.1061/avr8-gnu-toolchain/bin/../lib/gcc/avr/4.8.1/avr5\libgcc.a(_exit.o)
                              c:/program files (x86)/atmel/atmel toolchain/avr8 gcc/native/3.4.1061/avr8-gnu-toolchain/bin/../lib/gcc/avr/4.8.1/../../../../avr/lib/avr5/crtm32.o (exit)
c:/program files (x86)/atmel/atmel toolchain/avr8 gcc/native/3.4.1061/avr8-gnu-toolchain/bin/../lib/gcc/avr/4.8.1/avr5\libgcc.a(_copy_data.o)
                              app_funcs.o (__do_copy_data)
c:/program files (x86)/atmel/atmel toolchain/avr8 gcc/native/3.4.1061/avr8-gnu-toolchain/bin/../lib/gcc/avr/4.8.1/avr5\libgcc.a(_clear_bss.o)
                              app_funcs.o (__do_clear_bss)
c:/program files (x86)/atmel/atmel toolchain/avr8 gcc/native/3.4.1061/avr8-gnu-toolchain/bin/../lib/gcc/avr/4.8.1/../../../../avr/lib/avr5\libc.a(atoi.o)
                              main.o (atoi)
c:/program files (x86)/atmel/atmel toolchain/avr8 gcc/native/3.4.1061/avr8-gnu-toolchain/bin/../lib/gcc/avr/4.8.1/../../../../avr/lib/avr5\libc.a(strncat.o)
                              main.o (strncat)
c:/program files (x86)/atmel/atmel toolchain/avr8 gcc/native/3.4.1061/avr8-gnu-toolchain/bin/../lib/gcc/avr/4.8.1/../../../../avr/lib/avr5\libc.a(itoa_ncheck.o)
                              lcd.o (__itoa_ncheck)
c:/program files (x86)/atmel/atmel toolchain/avr8 gcc/native/3.4.1061/avr8-gnu-toolchain/bin/../lib/gcc/avr/4.8.1/../../../../avr/lib/avr5\libc.a(mul10.o)
                              c:/program files (x86)/atmel/atmel toolchain/avr8 gcc/native/3.4.1061/avr8-gnu-toolchain/bin/../lib/gcc/avr/4.8.1/../../../../avr/lib/avr5\libc.a(atoi.o) (__mulhi_const_10)
c:/program files (x86)/atmel/atmel toolchain/avr8 gcc/native/3.4.1061/avr8-gnu-toolchain/bin/../lib/gcc/avr/4.8.1/../../../../avr/lib/avr5\libc.a(utoa_ncheck.o)
                              c:/program files (x86)/atmel/atmel toolchain/avr8 gcc/native/3.4.1061/avr8-gnu-toolchain/bin/../lib/gcc/avr/4.8.1/../../../../avr/lib/avr5\libc.a(itoa_ncheck.o) (__utoa_common)
c:/program files (x86)/atmel/atmel toolchain/avr8 gcc/native/3.4.1061/avr8-gnu-toolchain/bin/../lib/gcc/avr/4.8.1/../../../../avr/lib/avr5\libc.a(strrev.o)
                              c:/program files (x86)/atmel/atmel toolchain/avr8 gcc/native/3.4.1061/avr8-gnu-toolchain/bin/../lib/gcc/avr/4.8.1/../../../../avr/lib/avr5\libc.a(utoa_ncheck.o) (strrev)

Allocating common symbols
Common symbol       size              file

total_revenue       0x2               app_funcs.o
user_ID             0x2               main.o
Fees                0x2               main.o
enter_state         0x1               main.o
g_indicator         0x4               main.o
Recieved_data       0x1               main.o
g_count             0x4               main.o
fee                 0x2               app_funcs.o
Transmitted_data    0x1               main.o
First_time_data     0x1               main.o

Discarded input sections

 .data          0x00000000        0x0 c:/program files (x86)/atmel/atmel toolchain/avr8 gcc/native/3.4.1061/avr8-gnu-toolchain/bin/../lib/gcc/avr/4.8.1/../../../../avr/lib/avr5/crtm32.o
 .bss           0x00000000        0x0 c:/program files (x86)/atmel/atmel toolchain/avr8 gcc/native/3.4.1061/avr8-gnu-toolchain/bin/../lib/gcc/avr/4.8.1/../../../../avr/lib/avr5/crtm32.o
 .text          0x00000000        0x0 app_funcs.o
 .data          0x00000000        0x0 app_funcs.o
 .bss           0x00000000        0x0 app_funcs.o
 .text          0x00000000        0x0 DIO.o
 .data          0x00000000        0x0 DIO.o
 .bss           0x00000000        0x0 DIO.o
 .text.DIO_vsetPINDir
                0x00000000       0x86 DIO.o
 .text.DIO_write
                0x00000000       0x86 DIO.o
 .text.DIO_u8read
                0x00000000       0x4a DIO.o
 .text.DIO_toggle
                0x00000000       0x46 DIO.o
 .text.DIO_set_port_direction
                0x00000000       0x26 DIO.o
 .text.DIO_write_port
                0x00000000       0x26 DIO.o
 .text.DIO_read_port
                0x00000000       0x2a DIO.o
 .text.DIO_vconnectpullup
                0x00000000       0x86 DIO.o
 .text.write_low_nibble
                0x00000000       0x4a DIO.o
 .text.write_high_nibble
                0x00000000       0x4c DIO.o
 .debug_info    0x00000000      0x79e DIO.o
 .debug_abbrev  0x00000000      0x10d DIO.o
 .debug_loc     0x00000000      0xb5e DIO.o
 .debug_aranges
                0x00000000       0x68 DIO.o
 .debug_ranges  0x00000000       0x58 DIO.o
 .debug_line    0x00000000      0x1a6 DIO.o
 .debug_str     0x00000000      0x257 DIO.o
 .comment       0x00000000       0x31 DIO.o
 .debug_frame   0x00000000       0xb4 DIO.o
 .text          0x00000000        0x0 int2.o
 .data          0x00000000        0x0 int2.o
 .bss           0x00000000        0x0 int2.o
 .text.INT2_init
                0x00000000       0x10 int2.o
 .text.INT2_setEdgeType
                0x00000000       0x12 int2.o
 .text.INT2_setCallBack
                0x00000000        0xa int2.o
 .text.INT2_Deinit
                0x00000000        0x8 int2.o
 .text          0x00000000        0x0 keypad.o
 .data          0x00000000        0x0 keypad.o
 .bss           0x00000000        0x0 keypad.o
 .text          0x00000000        0x0 lcd.o
 .data          0x00000000        0x0 lcd.o
 .bss           0x00000000        0x0 lcd.o
 .text          0x00000000        0x0 main.o
 .data          0x00000000        0x0 main.o
 .bss           0x00000000        0x0 main.o
 .data.TransData_ptr
                0x00000000        0x2 main.o
 .text          0x00000000        0x0 motor.o
 .data          0x00000000        0x0 motor.o
 .bss           0x00000000        0x0 motor.o
 .text          0x00000000        0x0 timer.o
 .data          0x00000000        0x0 timer.o
 .bss           0x00000000        0x0 timer.o
 .text.Timer_stop
                0x00000000       0x24 timer.o
 .text          0x00000000        0x0 USART.o
 .data          0x00000000        0x0 USART.o
 .bss           0x00000000        0x0 USART.o
 .text          0x00000000        0x0 c:/program files (x86)/atmel/atmel toolchain/avr8 gcc/native/3.4.1061/avr8-gnu-toolchain/bin/../lib/gcc/avr/4.8.1/avr5\libgcc.a(_udivmodsi4.o)
 .data          0x00000000        0x0 c:/program files (x86)/atmel/atmel toolchain/avr8 gcc/native/3.4.1061/avr8-gnu-toolchain/bin/../lib/gcc/avr/4.8.1/avr5\libgcc.a(_udivmodsi4.o)
 .bss           0x00000000        0x0 c:/program files (x86)/atmel/atmel toolchain/avr8 gcc/native/3.4.1061/avr8-gnu-toolchain/bin/../lib/gcc/avr/4.8.1/avr5\libgcc.a(_udivmodsi4.o)
 .text.libgcc.mul
                0x00000000        0x0 c:/program files (x86)/atmel/atmel toolchain/avr8 gcc/native/3.4.1061/avr8-gnu-toolchain/bin/../lib/gcc/avr/4.8.1/avr5\libgcc.a(_udivmodsi4.o)
 .text.libgcc   0x00000000        0x0 c:/program files (x86)/atmel/atmel toolchain/avr8 gcc/native/3.4.1061/avr8-gnu-toolchain/bin/../lib/gcc/avr/4.8.1/avr5\libgcc.a(_udivmodsi4.o)
 .text.libgcc.prologue
                0x00000000        0x0 c:/program files (x86)/atmel/atmel toolchain/avr8 gcc/native/3.4.1061/avr8-gnu-toolchain/bin/../lib/gcc/avr/4.8.1/avr5\libgcc.a(_udivmodsi4.o)
 .text.libgcc.builtins
                0x00000000        0x0 c:/program files (x86)/atmel/atmel toolchain/avr8 gcc/native/3.4.1061/avr8-gnu-toolchain/bin/../lib/gcc/avr/4.8.1/avr5\libgcc.a(_udivmodsi4.o)
 .text.libgcc.fmul
                0x00000000        0x0 c:/program files (x86)/atmel/atmel toolchain/avr8 gcc/native/3.4.1061/avr8-gnu-toolchain/bin/../lib/gcc/avr/4.8.1/avr5\libgcc.a(_udivmodsi4.o)
 .text.libgcc.fixed
                0x00000000        0x0 c:/program files (x86)/atmel/atmel toolchain/avr8 gcc/native/3.4.1061/avr8-gnu-toolchain/bin/../lib/gcc/avr/4.8.1/avr5\libgcc.a(_udivmodsi4.o)
 .text          0x00000000        0x0 c:/program files (x86)/atmel/atmel toolchain/avr8 gcc/native/3.4.1061/avr8-gnu-toolchain/bin/../lib/gcc/avr/4.8.1/avr5\libgcc.a(_exit.o)
 .data          0x00000000        0x0 c:/program files (x86)/atmel/atmel toolchain/avr8 gcc/native/3.4.1061/avr8-gnu-toolchain/bin/../lib/gcc/avr/4.8.1/avr5\libgcc.a(_exit.o)
 .bss           0x00000000        0x0 c:/program files (x86)/atmel/atmel toolchain/avr8 gcc/native/3.4.1061/avr8-gnu-toolchain/bin/../lib/gcc/avr/4.8.1/avr5\libgcc.a(_exit.o)
 .text.libgcc.mul
                0x00000000        0x0 c:/program files (x86)/atmel/atmel toolchain/avr8 gcc/native/3.4.1061/avr8-gnu-toolchain/bin/../lib/gcc/avr/4.8.1/avr5\libgcc.a(_exit.o)
 .text.libgcc.div
                0x00000000        0x0 c:/program files (x86)/atmel/atmel toolchain/avr8 gcc/native/3.4.1061/avr8-gnu-toolchain/bin/../lib/gcc/avr/4.8.1/avr5\libgcc.a(_exit.o)
 .text.libgcc   0x00000000        0x0 c:/program files (x86)/atmel/atmel toolchain/avr8 gcc/native/3.4.1061/avr8-gnu-toolchain/bin/../lib/gcc/avr/4.8.1/avr5\libgcc.a(_exit.o)
 .text.libgcc.prologue
                0x00000000        0x0 c:/program files (x86)/atmel/atmel toolchain/avr8 gcc/native/3.4.1061/avr8-gnu-toolchain/bin/../lib/gcc/avr/4.8.1/avr5\libgcc.a(_exit.o)
 .text.libgcc.builtins
                0x00000000        0x0 c:/program files (x86)/atmel/atmel toolchain/avr8 gcc/native/3.4.1061/avr8-gnu-toolchain/bin/../lib/gcc/avr/4.8.1/avr5\libgcc.a(_exit.o)
 .text.libgcc.fmul
                0x00000000        0x0 c:/program files (x86)/atmel/atmel toolchain/avr8 gcc/native/3.4.1061/avr8-gnu-toolchain/bin/../lib/gcc/avr/4.8.1/avr5\libgcc.a(_exit.o)
 .text.libgcc.fixed
                0x00000000        0x0 c:/program files (x86)/atmel/atmel toolchain/avr8 gcc/native/3.4.1061/avr8-gnu-toolchain/bin/../lib/gcc/avr/4.8.1/avr5\libgcc.a(_exit.o)
 .text          0x00000000        0x0 c:/program files (x86)/atmel/atmel toolchain/avr8 gcc/native/3.4.1061/avr8-gnu-toolchain/bin/../lib/gcc/avr/4.8.1/avr5\libgcc.a(_copy_data.o)
 .data          0x00000000        0x0 c:/program files (x86)/atmel/atmel toolchain/avr8 gcc/native/3.4.1061/avr8-gnu-toolchain/bin/../lib/gcc/avr/4.8.1/avr5\libgcc.a(_copy_data.o)
 .bss           0x00000000        0x0 c:/program files (x86)/atmel/atmel toolchain/avr8 gcc/native/3.4.1061/avr8-gnu-toolchain/bin/../lib/gcc/avr/4.8.1/avr5\libgcc.a(_copy_data.o)
 .text.libgcc.mul
                0x00000000        0x0 c:/program files (x86)/atmel/atmel toolchain/avr8 gcc/native/3.4.1061/avr8-gnu-toolchain/bin/../lib/gcc/avr/4.8.1/avr5\libgcc.a(_copy_data.o)
 .text.libgcc.div
                0x00000000        0x0 c:/program files (x86)/atmel/atmel toolchain/avr8 gcc/native/3.4.1061/avr8-gnu-toolchain/bin/../lib/gcc/avr/4.8.1/avr5\libgcc.a(_copy_data.o)
 .text.libgcc   0x00000000        0x0 c:/program files (x86)/atmel/atmel toolchain/avr8 gcc/native/3.4.1061/avr8-gnu-toolchain/bin/../lib/gcc/avr/4.8.1/avr5\libgcc.a(_copy_data.o)
 .text.libgcc.prologue
                0x00000000        0x0 c:/program files (x86)/atmel/atmel toolchain/avr8 gcc/native/3.4.1061/avr8-gnu-toolchain/bin/../lib/gcc/avr/4.8.1/avr5\libgcc.a(_copy_data.o)
 .text.libgcc.builtins
                0x00000000        0x0 c:/program files (x86)/atmel/atmel toolchain/avr8 gcc/native/3.4.1061/avr8-gnu-toolchain/bin/../lib/gcc/avr/4.8.1/avr5\libgcc.a(_copy_data.o)
 .text.libgcc.fmul
                0x00000000        0x0 c:/program files (x86)/atmel/atmel toolchain/avr8 gcc/native/3.4.1061/avr8-gnu-toolchain/bin/../lib/gcc/avr/4.8.1/avr5\libgcc.a(_copy_data.o)
 .text.libgcc.fixed
                0x00000000        0x0 c:/program files (x86)/atmel/atmel toolchain/avr8 gcc/native/3.4.1061/avr8-gnu-toolchain/bin/../lib/gcc/avr/4.8.1/avr5\libgcc.a(_copy_data.o)
 .text          0x00000000        0x0 c:/program files (x86)/atmel/atmel toolchain/avr8 gcc/native/3.4.1061/avr8-gnu-toolchain/bin/../lib/gcc/avr/4.8.1/avr5\libgcc.a(_clear_bss.o)
 .data          0x00000000        0x0 c:/program files (x86)/atmel/atmel toolchain/avr8 gcc/native/3.4.1061/avr8-gnu-toolchain/bin/../lib/gcc/avr/4.8.1/avr5\libgcc.a(_clear_bss.o)
 .bss           0x00000000        0x0 c:/program files (x86)/atmel/atmel toolchain/avr8 gcc/native/3.4.1061/avr8-gnu-toolchain/bin/../lib/gcc/avr/4.8.1/avr5\libgcc.a(_clear_bss.o)
 .text.libgcc.mul
                0x00000000        0x0 c:/program files (x86)/atmel/atmel toolchain/avr8 gcc/native/3.4.1061/avr8-gnu-toolchain/bin/../lib/gcc/avr/4.8.1/avr5\libgcc.a(_clear_bss.o)
 .text.libgcc.div
                0x00000000        0x0 c:/program files (x86)/atmel/atmel toolchain/avr8 gcc/native/3.4.1061/avr8-gnu-toolchain/bin/../lib/gcc/avr/4.8.1/avr5\libgcc.a(_clear_bss.o)
 .text.libgcc   0x00000000        0x0 c:/program files (x86)/atmel/atmel toolchain/avr8 gcc/native/3.4.1061/avr8-gnu-toolchain/bin/../lib/gcc/avr/4.8.1/avr5\libgcc.a(_clear_bss.o)
 .text.libgcc.prologue
                0x00000000        0x0 c:/program files (x86)/atmel/atmel toolchain/avr8 gcc/native/3.4.1061/avr8-gnu-toolchain/bin/../lib/gcc/avr/4.8.1/avr5\libgcc.a(_clear_bss.o)
 .text.libgcc.builtins
                0x00000000        0x0 c:/program files (x86)/atmel/atmel toolchain/avr8 gcc/native/3.4.1061/avr8-gnu-toolchain/bin/../lib/gcc/avr/4.8.1/avr5\libgcc.a(_clear_bss.o)
 .text.libgcc.fmul
                0x00000000        0x0 c:/program files (x86)/atmel/atmel toolchain/avr8 gcc/native/3.4.1061/avr8-gnu-toolchain/bin/../lib/gcc/avr/4.8.1/avr5\libgcc.a(_clear_bss.o)
 .text.libgcc.fixed
                0x00000000        0x0 c:/program files (x86)/atmel/atmel toolchain/avr8 gcc/native/3.4.1061/avr8-gnu-toolchain/bin/../lib/gcc/avr/4.8.1/avr5\libgcc.a(_clear_bss.o)
 .text          0x00000000        0x0 c:/program files (x86)/atmel/atmel toolchain/avr8 gcc/native/3.4.1061/avr8-gnu-toolchain/bin/../lib/gcc/avr/4.8.1/../../../../avr/lib/avr5\libc.a(atoi.o)
 .data          0x00000000        0x0 c:/program files (x86)/atmel/atmel toolchain/avr8 gcc/native/3.4.1061/avr8-gnu-toolchain/bin/../lib/gcc/avr/4.8.1/../../../../avr/lib/avr5\libc.a(atoi.o)
 .bss           0x00000000        0x0 c:/program files (x86)/atmel/atmel toolchain/avr8 gcc/native/3.4.1061/avr8-gnu-toolchain/bin/../lib/gcc/avr/4.8.1/../../../../avr/lib/avr5\libc.a(atoi.o)
 .text          0x00000000        0x0 c:/program files (x86)/atmel/atmel toolchain/avr8 gcc/native/3.4.1061/avr8-gnu-toolchain/bin/../lib/gcc/avr/4.8.1/../../../../avr/lib/avr5\libc.a(strncat.o)
 .data          0x00000000        0x0 c:/program files (x86)/atmel/atmel toolchain/avr8 gcc/native/3.4.1061/avr8-gnu-toolchain/bin/../lib/gcc/avr/4.8.1/../../../../avr/lib/avr5\libc.a(strncat.o)
 .bss           0x00000000        0x0 c:/program files (x86)/atmel/atmel toolchain/avr8 gcc/native/3.4.1061/avr8-gnu-toolchain/bin/../lib/gcc/avr/4.8.1/../../../../avr/lib/avr5\libc.a(strncat.o)
 .text          0x00000000        0x0 c:/program files (x86)/atmel/atmel toolchain/avr8 gcc/native/3.4.1061/avr8-gnu-toolchain/bin/../lib/gcc/avr/4.8.1/../../../../avr/lib/avr5\libc.a(itoa_ncheck.o)
 .data          0x00000000        0x0 c:/program files (x86)/atmel/atmel toolchain/avr8 gcc/native/3.4.1061/avr8-gnu-toolchain/bin/../lib/gcc/avr/4.8.1/../../../../avr/lib/avr5\libc.a(itoa_ncheck.o)
 .bss           0x00000000        0x0 c:/program files (x86)/atmel/atmel toolchain/avr8 gcc/native/3.4.1061/avr8-gnu-toolchain/bin/../lib/gcc/avr/4.8.1/../../../../avr/lib/avr5\libc.a(itoa_ncheck.o)
 .text          0x00000000        0x0 c:/program files (x86)/atmel/atmel toolchain/avr8 gcc/native/3.4.1061/avr8-gnu-toolchain/bin/../lib/gcc/avr/4.8.1/../../../../avr/lib/avr5\libc.a(mul10.o)
 .data          0x00000000        0x0 c:/program files (x86)/atmel/atmel toolchain/avr8 gcc/native/3.4.1061/avr8-gnu-toolchain/bin/../lib/gcc/avr/4.8.1/../../../../avr/lib/avr5\libc.a(mul10.o)
 .bss           0x00000000        0x0 c:/program files (x86)/atmel/atmel toolchain/avr8 gcc/native/3.4.1061/avr8-gnu-toolchain/bin/../lib/gcc/avr/4.8.1/../../../../avr/lib/avr5\libc.a(mul10.o)
 .text          0x00000000        0x0 c:/program files (x86)/atmel/atmel toolchain/avr8 gcc/native/3.4.1061/avr8-gnu-toolchain/bin/../lib/gcc/avr/4.8.1/../../../../avr/lib/avr5\libc.a(utoa_ncheck.o)
 .data          0x00000000        0x0 c:/program files (x86)/atmel/atmel toolchain/avr8 gcc/native/3.4.1061/avr8-gnu-toolchain/bin/../lib/gcc/avr/4.8.1/../../../../avr/lib/avr5\libc.a(utoa_ncheck.o)
 .bss           0x00000000        0x0 c:/program files (x86)/atmel/atmel toolchain/avr8 gcc/native/3.4.1061/avr8-gnu-toolchain/bin/../lib/gcc/avr/4.8.1/../../../../avr/lib/avr5\libc.a(utoa_ncheck.o)
 .text          0x00000000        0x0 c:/program files (x86)/atmel/atmel toolchain/avr8 gcc/native/3.4.1061/avr8-gnu-toolchain/bin/../lib/gcc/avr/4.8.1/../../../../avr/lib/avr5\libc.a(strrev.o)
 .data          0x00000000        0x0 c:/program files (x86)/atmel/atmel toolchain/avr8 gcc/native/3.4.1061/avr8-gnu-toolchain/bin/../lib/gcc/avr/4.8.1/../../../../avr/lib/avr5\libc.a(strrev.o)
 .bss           0x00000000        0x0 c:/program files (x86)/atmel/atmel toolchain/avr8 gcc/native/3.4.1061/avr8-gnu-toolchain/bin/../lib/gcc/avr/4.8.1/../../../../avr/lib/avr5\libc.a(strrev.o)

Memory Configuration

Name             Origin             Length             Attributes
text             0x00000000         0x00020000         xr
data             0x00800060         0x0000ffa0         rw !x
eeprom           0x00810000         0x00010000         rw !x
fuse             0x00820000         0x00000400         rw !x
lock             0x00830000         0x00000400         rw !x
signature        0x00840000         0x00000400         rw !x
user_signatures  0x00850000         0x00000400         rw !x
*default*        0x00000000         0xffffffff

Linker script and memory map

LOAD c:/program files (x86)/atmel/atmel toolchain/avr8 gcc/native/3.4.1061/avr8-gnu-toolchain/bin/../lib/gcc/avr/4.8.1/../../../../avr/lib/avr5/crtm32.o
LOAD app_funcs.o
LOAD DIO.o
LOAD int2.o
LOAD keypad.o
LOAD lcd.o
LOAD main.o
LOAD motor.o
LOAD timer.o
LOAD USART.o
START GROUP
LOAD c:/program files (x86)/atmel/atmel toolchain/avr8 gcc/native/3.4.1061/avr8-gnu-toolchain/bin/../lib/gcc/avr/4.8.1/../../../../avr/lib/avr5\libm.a
END GROUP
START GROUP
LOAD c:/program files (x86)/atmel/atmel toolchain/avr8 gcc/native/3.4.1061/avr8-gnu-toolchain/bin/../lib/gcc/avr/4.8.1/avr5\libgcc.a
LOAD c:/program files (x86)/atmel/atmel toolchain/avr8 gcc/native/3.4.1061/avr8-gnu-toolchain/bin/../lib/gcc/avr/4.8.1/../../../../avr/lib/avr5\libm.a
LOAD c:/program files (x86)/atmel/atmel toolchain/avr8 gcc/native/3.4.1061/avr8-gnu-toolchain/bin/../lib/gcc/avr/4.8.1/../../../../avr/lib/avr5\libc.a
END GROUP

.hash
 *(.hash)

.dynsym
 *(.dynsym)

.dynstr
 *(.dynstr)

.gnu.version
 *(.gnu.version)

.gnu.version_d
 *(.gnu.version_d)

.gnu.version_r
 *(.gnu.version_r)

.rel.init
 *(.rel.init)

.rela.init
 *(.rela.init)

.rel.text
 *(.rel.text)
 *(.rel.text.*)
 *(.rel.gnu.linkonce.t*)

.rela.text
 *(.rela.text)
 *(.rela.text.*)
 *(.rela.gnu.linkonce.t*)

.rel.fini
 *(.rel.fini)

.rela.fini
 *(.rela.fini)

.rel.rodata
 *(.rel.rodata)
 *(.rel.rodata.*)
 *(.rel.gnu.linkonce.r*)

.rela.rodata
 *(.rela.rodata)
 *(.rela.rodata.*)
 *(.rela.gnu.linkonce.r*)

.rel.data
 *(.rel.data)
 *(.rel.data.*)
 *(.rel.gnu.linkonce.d*)

.rela.data
 *(.rela.data)
 *(.rela.data.*)
 *(.rela.gnu.linkonce.d*)

.rel.ctors
 *(.rel.ctors)

.rela.ctors
 *(.rela.ctors)

.rel.dtors
 *(.rel.dtors)

.rela.dtors
 *(.rela.dtors)

.rel.got
 *(.rel.got)

.rela.got
 *(.rela.got)

.rel.bss
 *(.rel.bss)

.rela.bss
 *(.rela.bss)

.rel.plt
 *(.rel.plt)

.rela.plt
 *(.rela.plt)

.text           0x00000000     0x1736
 *(.vectors)
 .vectors       0x00000000       0x54 c:/program files (x86)/atmel/atmel toolchain/avr8 gcc/native/3.4.1061/avr8-gnu-toolchain/bin/../lib/gcc/avr/4.8.1/../../../../avr/lib/avr5/crtm32.o
                0x00000000                __vector_default
                0x00000000                __vectors
 *(.vectors)
 *(.progmem.gcc*)
                0x00000054                . = ALIGN (0x2)
                0x00000054                __trampolines_start = .
 *(.trampolines)
 .trampolines   0x00000054        0x0 linker stubs
 *(.trampolines*)
                0x00000054                __trampolines_end = .
 *(.progmem*)
                0x00000054                . = ALIGN (0x2)
 *(.jumptables)
 *(.jumptables*)
 *(.lowtext)
 *(.lowtext*)
                0x00000054                __ctors_start = .
 *(.ctors)
                0x00000054                __ctors_end = .
                0x00000054                __dtors_start = .
 *(.dtors)
                0x00000054                __dtors_end = .
 SORT(*)(.ctors)
 SORT(*)(.dtors)
 *(.init0)
 .init0         0x00000054        0x0 c:/program files (x86)/atmel/atmel toolchain/avr8 gcc/native/3.4.1061/avr8-gnu-toolchain/bin/../lib/gcc/avr/4.8.1/../../../../avr/lib/avr5/crtm32.o
                0x00000054                __init
 *(.init0)
 *(.init1)
 *(.init1)
 *(.init2)
 .init2         0x00000054        0xc c:/program files (x86)/atmel/atmel toolchain/avr8 gcc/native/3.4.1061/avr8-gnu-toolchain/bin/../lib/gcc/avr/4.8.1/../../../../avr/lib/avr5/crtm32.o
 *(.init2)
 *(.init3)
 *(.init3)
 *(.init4)
 .init4         0x00000060       0x16 c:/program files (x86)/atmel/atmel toolchain/avr8 gcc/native/3.4.1061/avr8-gnu-toolchain/bin/../lib/gcc/avr/4.8.1/avr5\libgcc.a(_copy_data.o)
                0x00000060                __do_copy_data
 .init4         0x00000076       0x10 c:/program files (x86)/atmel/atmel toolchain/avr8 gcc/native/3.4.1061/avr8-gnu-toolchain/bin/../lib/gcc/avr/4.8.1/avr5\libgcc.a(_clear_bss.o)
                0x00000076                __do_clear_bss
 *(.init4)
 *(.init5)
 *(.init5)
 *(.init6)
 *(.init6)
 *(.init7)
 *(.init7)
 *(.init8)
 *(.init8)
 *(.init9)
 .init9         0x00000086        0x8 c:/program files (x86)/atmel/atmel toolchain/avr8 gcc/native/3.4.1061/avr8-gnu-toolchain/bin/../lib/gcc/avr/4.8.1/../../../../avr/lib/avr5/crtm32.o
 *(.init9)
 *(.text)
 .text          0x0000008e        0x4 c:/program files (x86)/atmel/atmel toolchain/avr8 gcc/native/3.4.1061/avr8-gnu-toolchain/bin/../lib/gcc/avr/4.8.1/../../../../avr/lib/avr5/crtm32.o
                0x0000008e                __vector_1
                0x0000008e                __vector_12
                0x0000008e                __bad_interrupt
                0x0000008e                __vector_6
                0x0000008e                __vector_17
                0x0000008e                __vector_19
                0x0000008e                __vector_2
                0x0000008e                __vector_15
                0x0000008e                __vector_14
                0x0000008e                __vector_16
                0x0000008e                __vector_18
                0x0000008e                __vector_20
                0x00000092                . = ALIGN (0x2)
 *(.text.*)
 .text.countTime
                0x00000092       0x48 app_funcs.o
                0x00000092                countTime
 .text.open_motor_timer
                0x000000da       0x6a app_funcs.o
                0x000000da                open_motor_timer
 .text.displayID
                0x00000144       0x1a app_funcs.o
                0x00000144                displayID
 .text.startTime
                0x0000015e       0x2e app_funcs.o
                0x0000015e                startTime
 .text.endTime  0x0000018c       0x80 app_funcs.o
                0x0000018c                endTime
 .text.__vector_3
                0x0000020c       0x52 int2.o
                0x0000020c                __vector_3
 .text.keypad_init
                0x0000025e       0x1a keypad.o
                0x0000025e                keypad_init
 .text.keypad_check
                0x00000278      0x10e keypad.o
                0x00000278                keypad_check
 .text.LCD_sendCommand
                0x00000386       0x3c lcd.o
                0x00000386                LCD_sendCommand
 .text.LCD_init
                0x000003c2       0x1e lcd.o
                0x000003c2                LCD_init
 .text.LCD_displayCharacter
                0x000003e0       0x3c lcd.o
                0x000003e0                LCD_displayCharacter
 .text.LCD_displayString
                0x0000041c       0x2a lcd.o
                0x0000041c                LCD_displayString
 .text.LCD_goToRowColumn
                0x00000446       0x2e lcd.o
                0x00000446                LCD_goToRowColumn
 .text.LCD_displayStringRowColumn
                0x00000474       0x16 lcd.o
                0x00000474                LCD_displayStringRowColumn
 .text.LCD_intgerToString
                0x0000048a       0x3a lcd.o
                0x0000048a                LCD_intgerToString
 .text.LCD_clearScreen
                0x000004c4        0x8 lcd.o
                0x000004c4                LCD_clearScreen
 .text.main     0x000004cc      0xaf2 main.o
                0x000004cc                main
 .text.__vector_13
                0x00000fbe       0x26 main.o
                0x00000fbe                __vector_13
 .text.Timer1_Fast_PWM_Init
                0x00000fe4       0x24 motor.o
                0x00000fe4                Timer1_Fast_PWM_Init
 .text.motor_on_90
                0x00001008       0x1c motor.o
                0x00001008                motor_on_90
 .text.motor_on_0
                0x00001024       0x1c motor.o
                0x00001024                motor_on_0
 .text.__vector_11
                0x00001040       0x52 timer.o
                0x00001040                __vector_11
 .text.__vector_10
                0x00001092       0x52 timer.o
                0x00001092                __vector_10
 .text.__vector_9
                0x000010e4       0x52 timer.o
                0x000010e4                __vector_9
 .text.__vector_7
                0x00001136       0x52 timer.o
                0x00001136                __vector_7
 .text.__vector_8
                0x00001188       0x52 timer.o
                0x00001188                __vector_8
 .text.__vector_5
                0x000011da       0x5a timer.o
                0x000011da                __vector_5
 .text.__vector_4
                0x00001234       0x52 timer.o
                0x00001234                __vector_4
 .text.Timer_init
                0x00001286      0x208 timer.o
                0x00001286                Timer_init
 .text.Timer_setCallBack
                0x0000148e       0x2a timer.o
                0x0000148e                Timer_setCallBack
 .text.Timer_DeInit
                0x000014b8       0x56 timer.o
                0x000014b8                Timer_DeInit
 .text.UART_vInit
                0x0000150e       0x48 USART.o
                0x0000150e                UART_vInit
 .text.UART_Transmit
                0x00001556       0x28 USART.o
                0x00001556                UART_Transmit
 .text.UART_Receive
                0x0000157e       0x22 USART.o
                0x0000157e                UART_Receive
 .text.UART_Sendint
                0x000015a0       0x78 USART.o
                0x000015a0                UART_Sendint
 .text.libgcc.div
                0x00001618       0x44 c:/program files (x86)/atmel/atmel toolchain/avr8 gcc/native/3.4.1061/avr8-gnu-toolchain/bin/../lib/gcc/avr/4.8.1/avr5\libgcc.a(_udivmodsi4.o)
                0x00001618                __udivmodsi4
 .text.avr-libc
                0x0000165c       0x3c c:/program files (x86)/atmel/atmel toolchain/avr8 gcc/native/3.4.1061/avr8-gnu-toolchain/bin/../lib/gcc/avr/4.8.1/../../../../avr/lib/avr5\libc.a(atoi.o)
                0x0000165c                atoi
 .text.avr-libc
                0x00001698       0x20 c:/program files (x86)/atmel/atmel toolchain/avr8 gcc/native/3.4.1061/avr8-gnu-toolchain/bin/../lib/gcc/avr/4.8.1/../../../../avr/lib/avr5\libc.a(strncat.o)
                0x00001698                strncat
 .text.avr-libc
                0x000016b8       0x16 c:/program files (x86)/atmel/atmel toolchain/avr8 gcc/native/3.4.1061/avr8-gnu-toolchain/bin/../lib/gcc/avr/4.8.1/../../../../avr/lib/avr5\libc.a(itoa_ncheck.o)
                0x000016b8                __itoa_ncheck
 .text.avr-libc
                0x000016ce       0x10 c:/program files (x86)/atmel/atmel toolchain/avr8 gcc/native/3.4.1061/avr8-gnu-toolchain/bin/../lib/gcc/avr/4.8.1/../../../../avr/lib/avr5\libc.a(mul10.o)
                0x000016ce                __mulhi_const_10
 .text.avr-libc
                0x000016de       0x34 c:/program files (x86)/atmel/atmel toolchain/avr8 gcc/native/3.4.1061/avr8-gnu-toolchain/bin/../lib/gcc/avr/4.8.1/../../../../avr/lib/avr5\libc.a(utoa_ncheck.o)
                0x000016de                __utoa_ncheck
                0x000016e0                __utoa_common
 .text.avr-libc
                0x00001712       0x20 c:/program files (x86)/atmel/atmel toolchain/avr8 gcc/native/3.4.1061/avr8-gnu-toolchain/bin/../lib/gcc/avr/4.8.1/../../../../avr/lib/avr5\libc.a(strrev.o)
                0x00001712                strrev
                0x00001732                . = ALIGN (0x2)
 *(.fini9)
 .fini9         0x00001732        0x0 c:/program files (x86)/atmel/atmel toolchain/avr8 gcc/native/3.4.1061/avr8-gnu-toolchain/bin/../lib/gcc/avr/4.8.1/avr5\libgcc.a(_exit.o)
                0x00001732                _exit
                0x00001732                exit
 *(.fini9)
 *(.fini8)
 *(.fini8)
 *(.fini7)
 *(.fini7)
 *(.fini6)
 *(.fini6)
 *(.fini5)
 *(.fini5)
 *(.fini4)
 *(.fini4)
 *(.fini3)
 *(.fini3)
 *(.fini2)
 *(.fini2)
 *(.fini1)
 *(.fini1)
 *(.fini0)
 .fini0         0x00001732        0x4 c:/program files (x86)/atmel/atmel toolchain/avr8 gcc/native/3.4.1061/avr8-gnu-toolchain/bin/../lib/gcc/avr/4.8.1/avr5\libgcc.a(_exit.o)
 *(.fini0)
                0x00001736                _etext = .

.data           0x00800060      0x1ba load address 0x00001736
                0x00800060                PROVIDE (__data_start, .)
 *(.data)
 *(.data*)
 .data.g_feesTimer
                0x00800060        0xc main.o
                0x00800060                g_feesTimer
 .data.g_timer  0x0080006c        0xc main.o
                0x0080006c                g_timer
 .data.Operation_ptr
                0x00800078        0x2 main.o
                0x00800078                Operation_ptr
 .data.currentID
                0x0080007a        0x1 main.o
                0x0080007a                currentID
 .data.subsID   0x0080007b        0x8 main.o
                0x0080007b                subsID
 .data.guestID  0x00800083        0x8 main.o
                0x00800083                guestID
 .data.emptySpaces
                0x0080008b        0x1 main.o
                0x0080008b                emptySpaces
 .data.slots    0x0080008c        0x1 main.o
                0x0080008c                slots
 .data.g_holdSystem
                0x0080008d        0x1 main.o
                0x0080008d                g_holdSystem
 *(.rodata)
 .rodata        0x0080008e       0x10 keypad.o
 .rodata        0x0080009e       0x20 main.o
 *(.rodata*)
 .rodata.str1.1
                0x008000be       0x27 app_funcs.o
 .rodata.str1.1
                0x008000e5      0x134 main.o
 *(.gnu.linkonce.d*)
                0x0080021a                . = ALIGN (0x2)
 *fill*         0x00800219        0x1 
                0x0080021a                _edata = .
                0x0080021a                PROVIDE (__data_end, .)

.bss            0x0080021a       0x22
                0x0080021a                PROVIDE (__bss_start, .)
 *(.bss)
 *(.bss*)
 .bss.g_feesCounter
                0x0080021a        0x1 app_funcs.o
                0x0080021a                g_feesCounter
 .bss.g_int2CallBackPtr
                0x0080021b        0x2 int2.o
 .bss.total_cars
                0x0080021d        0x2 main.o
                0x0080021d                total_cars
 .bss.operation
                0x0080021f        0x1 main.o
                0x0080021f                operation
 .bss.First_time
                0x00800220        0x1 main.o
                0x00800220                First_time
 .bss.g_tickFlag
                0x00800221        0x1 main.o
                0x00800221                g_tickFlag
 .bss.g_Timer2_callBackPtr
                0x00800222        0x2 timer.o
 .bss.g_Timer1_callBackPtr
                0x00800224        0x2 timer.o
 .bss.g_Timer0_callBackPtr
                0x00800226        0x2 timer.o
 *(COMMON)
 COMMON         0x00800228        0x4 app_funcs.o
                0x00800228                total_revenue
                0x0080022a                fee
 COMMON         0x0080022c       0x10 main.o
                0x0080022c                user_ID
                0x0080022e                Fees
                0x00800230                enter_state
                0x00800231                g_indicator
                0x00800235                Recieved_data
                0x00800236                g_count
                0x0080023a                Transmitted_data
                0x0080023b                First_time_data
                0x0080023c                PROVIDE (__bss_end, .)
                0x00001736                __data_load_start = LOADADDR (.data)
                0x000018f0                __data_load_end = (__data_load_start + SIZEOF (.data))

.noinit         0x0080023c        0x0
                0x0080023c                PROVIDE (__noinit_start, .)
 *(.noinit*)
                0x0080023c                PROVIDE (__noinit_end, .)
                0x0080023c                _end = .
                0x0080023c                PROVIDE (__heap_start, .)

.eeprom         0x00810000        0x0
 *(.eeprom*)
                0x00810000                __eeprom_end = .

.fuse
 *(.fuse)
 *(.lfuse)
 *(.hfuse)
 *(.efuse)

.lock
 *(.lock*)

.signature
 *(.signature*)

.user_signatures
 *(.user_signatures*)

.stab
 *(.stab)

.stabstr
 *(.stabstr)

.stab.excl
 *(.stab.excl)

.stab.exclstr
 *(.stab.exclstr)

.stab.index
 *(.stab.index)

.stab.indexstr
 *(.stab.indexstr)

.comment        0x00000000       0x30
 *(.comment)
 .comment       0x00000000       0x30 app_funcs.o
                                 0x31 (size before relaxing)
 .comment       0x00000000       0x31 int2.o
 .comment       0x00000000       0x31 keypad.o
 .comment       0x00000000       0x31 lcd.o
 .comment       0x00000000       0x31 main.o
 .comment       0x00000000       0x31 motor.o
 .comment       0x00000000       0x31 timer.o
 .comment       0x00000000       0x31 USART.o

.note.gnu.build-id
 *(.note.gnu.build-id)

.debug
 *(.debug)

.line
 *(.line)

.debug_srcinfo
 *(.debug_srcinfo)

.debug_sfnames
 *(.debug_sfnames)

.debug_aranges  0x00000000      0x200
 *(.debug_aranges)
 .debug_aranges
                0x00000000       0x40 app_funcs.o
 .debug_aranges
                0x00000040       0x40 int2.o
 .debug_aranges
                0x00000080       0x28 keypad.o
 .debug_aranges
                0x000000a8       0x58 lcd.o
 .debug_aranges
                0x00000100       0x28 main.o
 .debug_aranges
                0x00000128       0x30 motor.o
 .debug_aranges
                0x00000158       0x70 timer.o
 .debug_aranges
                0x000001c8       0x38 USART.o

.debug_pubnames
 *(.debug_pubnames)

.debug_info     0x00000000     0x30ba
 *(.debug_info .gnu.linkonce.wi.*)
 .debug_info    0x00000000      0x5fa app_funcs.o
 .debug_info    0x000005fa      0x163 int2.o
 .debug_info    0x0000075d      0x111 keypad.o
 .debug_info    0x0000086e      0x5d6 lcd.o
 .debug_info    0x00000e44     0x1a25 main.o
 .debug_info    0x00002869      0x1d4 motor.o
 .debug_info    0x00002a3d      0x34c timer.o
 .debug_info    0x00002d89      0x331 USART.o

.debug_abbrev   0x00000000      0xba9
 *(.debug_abbrev)
 .debug_abbrev  0x00000000      0x1d2 app_funcs.o
 .debug_abbrev  0x000001d2       0xd6 int2.o
 .debug_abbrev  0x000002a8       0xb3 keypad.o
 .debug_abbrev  0x0000035b      0x20c lcd.o
 .debug_abbrev  0x00000567      0x268 main.o
 .debug_abbrev  0x000007cf      0x102 motor.o
 .debug_abbrev  0x000008d1      0x10a timer.o
 .debug_abbrev  0x000009db      0x1ce USART.o

.debug_line     0x00000000      0xf3e
 *(.debug_line .debug_line.* .debug_line_end)
 .debug_line    0x00000000      0x1dd app_funcs.o
 .debug_line    0x000001dd       0xf7 int2.o
 .debug_line    0x000002d4       0xeb keypad.o
 .debug_line    0x000003bf      0x228 lcd.o
 .debug_line    0x000005e7      0x4ec main.o
 .debug_line    0x00000ad3      0x152 motor.o
 .debug_line    0x00000c25      0x1fa timer.o
 .debug_line    0x00000e1f      0x11f USART.o

.debug_frame    0x00000000      0x628
 *(.debug_frame)
 .debug_frame   0x00000000       0x64 app_funcs.o
 .debug_frame   0x00000064       0xac int2.o
 .debug_frame   0x00000110       0x64 keypad.o
 .debug_frame   0x00000174       0xc0 lcd.o
 .debug_frame   0x00000234       0x54 main.o
 .debug_frame   0x00000288       0x44 motor.o
 .debug_frame   0x000002cc      0x2bc timer.o
 .debug_frame   0x00000588       0xa0 USART.o

.debug_str      0x00000000      0x77b
 *(.debug_str)
 .debug_str     0x00000000      0x406 app_funcs.o
                                0x43f (size before relaxing)
 .debug_str     0x00000406       0x77 int2.o
                                0x1dd (size before relaxing)
 .debug_str     0x0000047d       0x39 keypad.o
                                0x174 (size before relaxing)
 .debug_str     0x000004b6       0x5c lcd.o
                                0x28c (size before relaxing)
 .debug_str     0x00000512      0x14b main.o
                                0x54e (size before relaxing)
 .debug_str     0x0000065d       0x21 motor.o
                                0x1e8 (size before relaxing)
 .debug_str     0x0000067e       0xbc timer.o
                                0x363 (size before relaxing)
 .debug_str     0x0000073a       0x41 USART.o
                                0x221 (size before relaxing)

.debug_loc      0x00000000     0x1f19
 *(.debug_loc)
 .debug_loc     0x00000000       0xc5 app_funcs.o
 .debug_loc     0x000000c5       0xec int2.o
 .debug_loc     0x000001b1      0x1e2 keypad.o
 .debug_loc     0x00000393      0x27f lcd.o
 .debug_loc     0x00000612      0xf34 main.o
 .debug_loc     0x00001546       0x31 motor.o
 .debug_loc     0x00001577      0x65b timer.o
 .debug_loc     0x00001bd2      0x347 USART.o

.debug_macinfo
 *(.debug_macinfo)

.debug_weaknames
 *(.debug_weaknames)

.debug_funcnames
 *(.debug_funcnames)

.debug_typenames
 *(.debug_typenames)

.debug_varnames
 *(.debug_varnames)

.debug_pubtypes
 *(.debug_pubtypes)

.debug_ranges   0x00000000      0x180
 *(.debug_ranges)
 .debug_ranges  0x00000000       0x30 app_funcs.o
 .debug_ranges  0x00000030       0x30 int2.o
 .debug_ranges  0x00000060       0x18 keypad.o
 .debug_ranges  0x00000078       0x48 lcd.o
 .debug_ranges  0x000000c0       0x18 main.o
 .debug_ranges  0x000000d8       0x20 motor.o
 .debug_ranges  0x000000f8       0x60 timer.o
 .debug_ranges  0x00000158       0x28 USART.o

.debug_macro
 *(.debug_macro)
OUTPUT(SmartG.elf elf32-avr)
LOAD linker stubs
